

================================================================
== Vitis HLS Report for 'cordiccart2pol'
================================================================
* Date:           Tue Oct 19 21:49:15 2021

* Version:        2021.1 (Build 3247384 on Thu Jun 10 19:36:33 MDT 2021)
* Project:        project2-CORDIC_LUT
* Solution:       solution1 (Vivado IP Flow Target)
* Product family: zynq
* Target device:  xc7z020-clg400-1


================================================================
== Performance Estimates
================================================================
+ Timing: 
    * Summary: 
    +--------+----------+----------+------------+
    |  Clock |  Target  | Estimated| Uncertainty|
    +--------+----------+----------+------------+
    |ap_clk  |  10.00 ns|  7.222 ns|     2.70 ns|
    +--------+----------+----------+------------+

+ Latency: 
    * Summary: 
    +---------+---------+-----------+-----------+-----+-----+---------+
    |  Latency (cycles) |   Latency (absolute)  |  Interval | Pipeline|
    |   min   |   max   |    min    |    max    | min | max |   Type  |
    +---------+---------+-----------+-----------+-----+-----+---------+
    |        7|        7|  70.000 ns|  70.000 ns|    8|    8|       no|
    +---------+---------+-----------+-----------+-----+-----+---------+

    + Detail: 
        * Instance: 
        N/A

        * Loop: 
        N/A



================================================================
== Utilization Estimates
================================================================
* Summary: 
+-----------------+---------+-----+--------+-------+-----+
|       Name      | BRAM_18K| DSP |   FF   |  LUT  | URAM|
+-----------------+---------+-----+--------+-------+-----+
|DSP              |        -|    -|       -|      -|    -|
|Expression       |        -|    -|       0|   2378|    -|
|FIFO             |        -|    -|       -|      -|    -|
|Instance         |        -|    -|       -|      -|    -|
|Memory           |        -|    -|      64|  16384|    -|
|Multiplexer      |        -|    -|       -|     48|    -|
|Register         |        -|    -|     772|      -|    -|
+-----------------+---------+-----+--------+-------+-----+
|Total            |        0|    0|     836|  18810|    0|
+-----------------+---------+-----+--------+-------+-----+
|Available        |      280|  220|  106400|  53200|    0|
+-----------------+---------+-----+--------+-------+-----+
|Utilization (%)  |        0|    0|      ~0|     35|    0|
+-----------------+---------+-----+--------+-------+-----+

+ Detail: 
    * Instance: 
    +-----------------------------+--------------------------+---------+----+---+----+-----+
    |           Instance          |          Module          | BRAM_18K| DSP| FF| LUT| URAM|
    +-----------------------------+--------------------------+---------+----+---+----+-----+
    |fpext_32ns_64_2_no_dsp_1_U1  |fpext_32ns_64_2_no_dsp_1  |        0|   0|  0|   0|    0|
    |fpext_32ns_64_2_no_dsp_1_U2  |fpext_32ns_64_2_no_dsp_1  |        0|   0|  0|   0|    0|
    +-----------------------------+--------------------------+---------+----+---+----+-----+
    |Total                        |                          |        0|   0|  0|   0|    0|
    +-----------------------------+--------------------------+---------+----+---+----+-----+

    * DSP: 
    N/A

    * Memory: 
    +-------------+----------+---------+----+------+-----+-------+-----+------+-------------+
    |    Memory   |  Module  | BRAM_18K| FF |  LUT | URAM| Words | Bits| Banks| W*Bits*Banks|
    +-------------+----------+---------+----+------+-----+-------+-----+------+-------------+
    |my_LUT_r_U   |my_LUT_r  |        0|  32|  8192|    0|  16384|   32|     1|       524288|
    |my_LUT_th_U  |my_LUT_r  |        0|  32|  8192|    0|  16384|   32|     1|       524288|
    +-------------+----------+---------+----+------+-----+-------+-----+------+-------------+
    |Total        |          |        0|  64| 16384|    0|  32768|   64|     2|      1048576|
    +-------------+----------+---------+----+------+-----+-------+-----+------+-------------+

    * FIFO: 
    N/A

    * Expression: 
    +-------------------------------+----------+----+---+-----+------------+------------+
    |         Variable Name         | Operation| DSP| FF| LUT | Bitwidth P0| Bitwidth P1|
    +-------------------------------+----------+----+---+-----+------------+------------+
    |add_ln590_1_fu_400_p2          |         +|   0|  0|   12|          12|           5|
    |add_ln590_fu_289_p2            |         +|   0|  0|   12|          12|           5|
    |add_ln600_1_fu_937_p2          |         +|   0|  0|   12|          12|           5|
    |add_ln600_fu_693_p2            |         +|   0|  0|   12|          12|           5|
    |add_ln621_1_fu_648_p2          |         +|   0|  0|   12|          12|          12|
    |add_ln621_fu_540_p2            |         +|   0|  0|   12|          12|          12|
    |exp_1_fu_580_p2                |         +|   0|  0|   12|          12|          11|
    |exp_fu_472_p2                  |         +|   0|  0|   12|          12|          11|
    |p_Val2_3_fu_719_p2             |         +|   0|  0|   23|          16|          16|
    |p_Val2_8_fu_963_p2             |         +|   0|  0|   23|          16|          16|
    |pos1_1_fu_446_p2               |         +|   0|  0|   12|          12|           2|
    |pos1_fu_335_p2                 |         +|   0|  0|   12|          12|           2|
    |pos2_1_fu_670_p2               |         +|   0|  0|   12|          12|           2|
    |pos2_fu_562_p2                 |         +|   0|  0|   12|          12|           2|
    |F2_1_fu_388_p2                 |         -|   0|  0|   12|          11|          12|
    |F2_fu_277_p2                   |         -|   0|  0|   12|          11|          12|
    |man_V_2_fu_264_p2              |         -|   0|  0|   61|           1|          54|
    |man_V_6_fu_375_p2              |         -|   0|  0|   61|           1|          54|
    |sub_ln590_1_fu_406_p2          |         -|   0|  0|   12|           4|          12|
    |sub_ln590_fu_295_p2            |         -|   0|  0|   12|           4|          12|
    |Range1_all_ones_11_fu_1064_p2  |       and|   0|  0|    2|           1|           1|
    |Range1_all_ones_6_fu_1116_p2   |       and|   0|  0|    2|           1|           1|
    |Range1_all_ones_9_fu_820_p2    |       and|   0|  0|    2|           1|           1|
    |Range1_all_ones_fu_872_p2      |       and|   0|  0|    2|           1|           1|
    |and_ln340_1_fu_1530_p2         |       and|   0|  0|    2|           1|           1|
    |and_ln340_fu_1344_p2           |       and|   0|  0|    2|           1|           1|
    |and_ln403_1_fu_768_p2          |       and|   0|  0|    2|           1|           1|
    |and_ln403_2_fu_994_p2          |       and|   0|  0|    2|           1|           1|
    |and_ln403_3_fu_1012_p2         |       and|   0|  0|    2|           1|           1|
    |and_ln403_fu_750_p2            |       and|   0|  0|    2|           1|           1|
    |and_ln566_1_fu_1455_p2         |       and|   0|  0|    2|           1|           1|
    |and_ln566_fu_1269_p2           |       and|   0|  0|    2|           1|           1|
    |and_ln586_1_fu_989_p2          |       and|   0|  0|    2|           1|           1|
    |and_ln586_fu_745_p2            |       and|   0|  0|    2|           1|           1|
    |and_ln612_1_fu_787_p2          |       and|   0|  0|    2|           1|           1|
    |and_ln612_3_fu_1370_p2         |       and|   0|  0|    2|           1|           1|
    |and_ln612_4_fu_1031_p2         |       and|   0|  0|    2|           1|           1|
    |and_ln612_fu_1184_p2           |       and|   0|  0|    2|           1|           1|
    |and_ln630_1_fu_1264_p2         |       and|   0|  0|    2|           1|           1|
    |and_ln630_3_fu_1444_p2         |       and|   0|  0|    2|           1|           1|
    |and_ln630_4_fu_1450_p2         |       and|   0|  0|    2|           1|           1|
    |and_ln630_fu_1258_p2           |       and|   0|  0|    2|           1|           1|
    |and_ln648_1_fu_1110_p2         |       and|   0|  0|    2|           1|           1|
    |and_ln648_fu_866_p2            |       and|   0|  0|    2|           1|           1|
    |and_ln650_1_fu_1133_p2         |       and|   0|  0|    2|           1|           1|
    |and_ln650_fu_889_p2            |       and|   0|  0|    2|           1|           1|
    |and_ln662_1_fu_1411_p2         |       and|   0|  0|    2|           1|           1|
    |and_ln662_fu_1225_p2           |       and|   0|  0|    2|           1|           1|
    |and_ln663_1_fu_1422_p2         |       and|   0|  0|    2|           1|           1|
    |and_ln663_fu_1236_p2           |       and|   0|  0|    2|           1|           1|
    |and_ln667_2_fu_1332_p2         |       and|   0|  0|    2|           1|           1|
    |and_ln667_3_fu_1474_p2         |       and|   0|  0|    2|           1|           1|
    |and_ln667_5_fu_1518_p2         |       and|   0|  0|    2|           1|           1|
    |and_ln667_fu_1288_p2           |       and|   0|  0|    2|           1|           1|
    |and_ln668_1_fu_1497_p2         |       and|   0|  0|    2|           1|           1|
    |and_ln668_fu_1311_p2           |       and|   0|  0|    2|           1|           1|
    |carry_1_fu_804_p2              |       and|   0|  0|    2|           1|           1|
    |carry_3_fu_1048_p2             |       and|   0|  0|    2|           1|           1|
    |overflow_1_fu_1491_p2          |       and|   0|  0|    2|           1|           1|
    |overflow_fu_1305_p2            |       and|   0|  0|    2|           1|           1|
    |sel_tmp122_fu_1618_p2          |       and|   0|  0|    2|           1|           1|
    |sel_tmp59_fu_1606_p2           |       and|   0|  0|    2|           1|           1|
    |tmp127_fu_1356_p2              |       and|   0|  0|    2|           1|           1|
    |tmp131_fu_1542_p2              |       and|   0|  0|    2|           1|           1|
    |ashr_ln595_1_fu_597_p2         |      ashr|   0|  0|  161|          54|          54|
    |ashr_ln595_fu_489_p2           |      ashr|   0|  0|  161|          54|          54|
    |QUAN_INC_1_fu_394_p2           |      icmp|   0|  0|   12|          12|           4|
    |QUAN_INC_fu_283_p2             |      icmp|   0|  0|   12|          12|           4|
    |Range2_all_ones_3_fu_1084_p2   |      icmp|   0|  0|   25|          54|          54|
    |Range2_all_ones_fu_840_p2      |      icmp|   0|  0|   25|          54|          54|
    |icmp_ln580_1_fu_244_p2         |      icmp|   0|  0|   28|          63|           1|
    |icmp_ln580_fu_208_p2           |      icmp|   0|  0|   28|          63|           1|
    |icmp_ln586_2_fu_1026_p2        |      icmp|   0|  0|   12|          12|           4|
    |icmp_ln586_fu_782_p2           |      icmp|   0|  0|   12|          12|           4|
    |icmp_ln591_1_fu_932_p2         |      icmp|   0|  0|   12|          12|           4|
    |icmp_ln591_fu_688_p2           |      icmp|   0|  0|   12|          12|           4|
    |icmp_ln594_1_fu_588_p2         |      icmp|   0|  0|   12|          12|           6|
    |icmp_ln594_fu_480_p2           |      icmp|   0|  0|   12|          12|           6|
    |icmp_ln600_1_fu_440_p2         |      icmp|   0|  0|   12|          12|           6|
    |icmp_ln600_fu_329_p2           |      icmp|   0|  0|   12|          12|           6|
    |icmp_ln612_1_fu_434_p2         |      icmp|   0|  0|   11|           8|           1|
    |icmp_ln612_fu_323_p2           |      icmp|   0|  0|   11|           8|           1|
    |icmp_ln620_1_fu_664_p2         |      icmp|   0|  0|   11|          11|           1|
    |icmp_ln620_fu_556_p2           |      icmp|   0|  0|   11|          11|           1|
    |icmp_ln630_1_fu_815_p2         |      icmp|   0|  0|   12|          12|           6|
    |icmp_ln630_2_fu_1389_p2        |      icmp|   0|  0|   12|          12|           6|
    |icmp_ln630_3_fu_1059_p2        |      icmp|   0|  0|   12|          12|           6|
    |icmp_ln630_fu_1203_p2          |      icmp|   0|  0|   12|          12|           6|
    |icmp_ln640_1_fu_830_p2         |      icmp|   0|  0|   12|          12|           6|
    |icmp_ln640_2_fu_1069_p2        |      icmp|   0|  0|   12|          12|           6|
    |icmp_ln640_3_fu_1074_p2        |      icmp|   0|  0|   12|          12|           6|
    |icmp_ln640_fu_825_p2           |      icmp|   0|  0|   12|          12|           6|
    |icmp_ln650_1_fu_1128_p2        |      icmp|   0|  0|   25|          54|           1|
    |icmp_ln650_fu_884_p2           |      icmp|   0|  0|   25|          54|           1|
    |icmp_ln651_1_fu_1139_p2        |      icmp|   0|  0|   12|          12|           6|
    |icmp_ln651_fu_895_p2           |      icmp|   0|  0|   12|          12|           6|
    |Range2_V_1_fu_575_p2           |      lshr|   0|  0|  161|          54|          54|
    |Range2_V_3_fu_683_p2           |      lshr|   0|  0|  161|          54|          54|
    |r_1_fu_835_p2                  |      lshr|   0|  0|  161|           2|          54|
    |r_2_fu_1079_p2                 |      lshr|   0|  0|  161|           2|          54|
    |deleted_ones_1_fu_1252_p2      |        or|   0|  0|    2|           1|           1|
    |deleted_ones_3_fu_1438_p2      |        or|   0|  0|    2|           1|           1|
    |or_ln340_1_fu_1503_p2          |        or|   0|  0|    2|           1|           1|
    |or_ln340_2_fu_1350_p2          |        or|   0|  0|    2|           1|           1|
    |or_ln340_3_fu_1536_p2          |        or|   0|  0|    2|           1|           1|
    |or_ln340_fu_1317_p2            |        or|   0|  0|    2|           1|           1|
    |or_ln612_1_fu_1036_p2          |        or|   0|  0|    2|           1|           1|
    |or_ln612_fu_792_p2             |        or|   0|  0|    2|           1|           1|
    |or_ln620_1_fu_1509_p2          |        or|   0|  0|    2|           1|           1|
    |or_ln620_fu_1323_p2            |        or|   0|  0|    2|           1|           1|
    |or_ln662_1_fu_1406_p2          |        or|   0|  0|    2|           1|           1|
    |or_ln662_fu_1220_p2            |        or|   0|  0|    2|           1|           1|
    |or_ln667_1_fu_1480_p2          |        or|   0|  0|    2|           1|           1|
    |or_ln667_fu_1294_p2            |        or|   0|  0|    2|           1|           1|
    |Range1_all_ones_3_fu_916_p3    |    select|   0|  0|    2|           1|           1|
    |Range1_all_ones_7_fu_1160_p3   |    select|   0|  0|    2|           1|           1|
    |Range1_all_zeros_2_fu_924_p3   |    select|   0|  0|    2|           1|           1|
    |Range1_all_zeros_5_fu_1168_p3  |    select|   0|  0|    2|           1|           1|
    |Range2_all_ones_2_fu_858_p3    |    select|   0|  0|    2|           1|           1|
    |Range2_all_ones_5_fu_1102_p3   |    select|   0|  0|    2|           1|           1|
    |deleted_ones_2_fu_1416_p3      |    select|   0|  0|    2|           1|           1|
    |deleted_ones_fu_1230_p3        |    select|   0|  0|    2|           1|           1|
    |deleted_zeros_1_fu_1394_p3     |    select|   0|  0|    2|           1|           1|
    |deleted_zeros_fu_1208_p3       |    select|   0|  0|    2|           1|           1|
    |empty_10_fu_1649_p3            |    select|   0|  0|    7|           1|           7|
    |empty_fu_1632_p3               |    select|   0|  0|    7|           1|           7|
    |man_V_7_fu_381_p3              |    select|   0|  0|   54|           1|          54|
    |man_V_fu_270_p3                |    select|   0|  0|   54|           1|          54|
    |neg_src_4_fu_1460_p3           |    select|   0|  0|    2|           1|           1|
    |neg_src_fu_1274_p3             |    select|   0|  0|    2|           1|           1|
    |p_Val2_2_fu_517_p3             |    select|   0|  0|   16|           1|          16|
    |p_Val2_4_fu_1188_p3            |    select|   0|  0|   16|           1|          16|
    |p_Val2_7_fu_625_p3             |    select|   0|  0|   16|           1|          16|
    |p_Val2_9_fu_1374_p3            |    select|   0|  0|   16|           1|          16|
    |qb_1_fu_953_p3                 |    select|   0|  0|    2|           1|           1|
    |qb_fu_709_p3                   |    select|   0|  0|    2|           1|           1|
    |select_ln403_1_fu_774_p3       |    select|   0|  0|   16|           1|          16|
    |select_ln403_2_fu_999_p3       |    select|   0|  0|   16|           1|          16|
    |select_ln403_3_fu_1018_p3      |    select|   0|  0|   16|           1|          16|
    |select_ln403_fu_755_p3         |    select|   0|  0|   16|           1|          16|
    |select_ln580_1_fu_1583_p3      |    select|   0|  0|    7|           1|           1|
    |select_ln580_fu_1558_p3        |    select|   0|  0|    7|           1|           1|
    |select_ln591_1_fu_976_p3       |    select|   0|  0|   16|           1|          16|
    |select_ln591_fu_732_p3         |    select|   0|  0|   16|           1|          16|
    |select_ln597_1_fu_617_p3       |    select|   0|  0|    2|           1|           2|
    |select_ln597_fu_509_p3         |    select|   0|  0|    2|           1|           2|
    |select_ln620_1_fu_1590_p3      |    select|   0|  0|    7|           1|           7|
    |select_ln620_fu_1565_p3        |    select|   0|  0|    7|           1|           7|
    |select_ln621_1_fu_641_p3       |    select|   0|  0|    2|           1|           2|
    |select_ln621_fu_533_p3         |    select|   0|  0|    2|           1|           2|
    |select_ln651_1_fu_908_p3       |    select|   0|  0|    2|           1|           1|
    |select_ln651_2_fu_1144_p3      |    select|   0|  0|    2|           1|           1|
    |select_ln651_3_fu_1152_p3      |    select|   0|  0|    2|           1|           1|
    |select_ln651_fu_900_p3         |    select|   0|  0|    2|           1|           1|
    |sh_amt_1_fu_412_p3             |    select|   0|  0|   12|           1|          12|
    |sh_amt_fu_301_p3               |    select|   0|  0|   12|           1|          12|
    |shl_ln613_1_fu_1365_p2         |       shl|   0|  0|   35|          16|          16|
    |shl_ln613_fu_1179_p2           |       shl|   0|  0|   35|          16|          16|
    |Range1_all_ones_10_fu_1054_p2  |       xor|   0|  0|    2|           1|           2|
    |Range1_all_ones_8_fu_810_p2    |       xor|   0|  0|    2|           1|           2|
    |Range1_all_zeros_1_fu_878_p2   |       xor|   0|  0|    2|           2|           1|
    |Range1_all_zeros_4_fu_1122_p2  |       xor|   0|  0|    2|           2|           1|
    |Range2_all_ones_1_fu_852_p2    |       xor|   0|  0|    2|           1|           2|
    |Range2_all_ones_4_fu_1096_p2   |       xor|   0|  0|    2|           1|           2|
    |xor_ln403_1_fu_1007_p2         |       xor|   0|  0|    2|           1|           2|
    |xor_ln403_fu_763_p2            |       xor|   0|  0|    2|           1|           2|
    |xor_ln580_1_fu_1513_p2         |       xor|   0|  0|    2|           1|           2|
    |xor_ln580_fu_1327_p2           |       xor|   0|  0|    2|           1|           2|
    |xor_ln591_1_fu_983_p2          |       xor|   0|  0|    2|           1|           2|
    |xor_ln591_fu_739_p2            |       xor|   0|  0|    2|           1|           2|
    |xor_ln612_1_fu_1042_p2         |       xor|   0|  0|    2|           1|           2|
    |xor_ln612_fu_798_p2            |       xor|   0|  0|    2|           1|           2|
    |xor_ln630_1_fu_1432_p2         |       xor|   0|  0|    2|           1|           2|
    |xor_ln630_fu_1246_p2           |       xor|   0|  0|    2|           1|           2|
    |xor_ln663_1_fu_1426_p2         |       xor|   0|  0|    2|           2|           1|
    |xor_ln663_fu_1240_p2           |       xor|   0|  0|    2|           2|           1|
    |xor_ln667_1_fu_1300_p2         |       xor|   0|  0|    2|           1|           2|
    |xor_ln667_2_fu_1282_p2         |       xor|   0|  0|    2|           1|           2|
    |xor_ln667_3_fu_1486_p2         |       xor|   0|  0|    2|           1|           2|
    |xor_ln667_fu_1468_p2           |       xor|   0|  0|    2|           1|           2|
    |xor_ln668_1_fu_1524_p2         |       xor|   0|  0|    2|           2|           1|
    |xor_ln668_fu_1338_p2           |       xor|   0|  0|    2|           2|           1|
    +-------------------------------+----------+----+---+-----+------------+------------+
    |Total                          |          |   0|  0| 2378|        1210|        1290|
    +-------------------------------+----------+----+---+-----+------------+------------+

    * Multiplexer: 
    +-----------+----+-----------+-----+-----------+
    |    Name   | LUT| Input Size| Bits| Total Bits|
    +-----------+----+-----------+-----+-----------+
    |ap_NS_fsm  |  48|          9|    1|          9|
    +-----------+----+-----------+-----+-----------+
    |Total      |  48|          9|    1|          9|
    +-----------+----+-----------+-----+-----------+

    * Register: 
    +-----------------------------+----+----+-----+-----------+
    |             Name            | FF | LUT| Bits| Const Bits|
    +-----------------------------+----+----+-----+-----------+
    |F2_1_reg_1822                |  12|   0|   12|          0|
    |F2_reg_1756                  |  12|   0|   12|          0|
    |QUAN_INC_1_reg_1830          |   1|   0|    1|          0|
    |QUAN_INC_reg_1764            |   1|   0|    1|          0|
    |Range1_all_ones_3_reg_1985   |   1|   0|    1|          0|
    |Range1_all_ones_7_reg_2024   |   1|   0|    1|          0|
    |Range1_all_zeros_1_reg_1980  |   1|   0|    1|          0|
    |Range1_all_zeros_2_reg_1992  |   1|   0|    1|          0|
    |Range1_all_zeros_4_reg_2019  |   1|   0|    1|          0|
    |Range1_all_zeros_5_reg_2031  |   1|   0|    1|          0|
    |Range2_V_1_reg_1911          |  54|   0|   54|          0|
    |Range2_V_3_reg_1952          |  54|   0|   54|          0|
    |Range2_all_ones_2_reg_1975   |   1|   0|    1|          0|
    |Range2_all_ones_5_reg_2014   |   1|   0|    1|          0|
    |ap_CS_fsm                    |   8|   0|    8|          0|
    |carry_1_reg_1968             |   1|   0|    1|          0|
    |carry_3_reg_2007             |   1|   0|    1|          0|
    |exp_tmp_1_reg_1727           |  11|   0|   11|          0|
    |exp_tmp_reg_1701             |  11|   0|   11|          0|
    |icmp_ln580_1_reg_1737        |   1|   0|    1|          0|
    |icmp_ln580_reg_1711          |   1|   0|    1|          0|
    |icmp_ln586_2_reg_2002        |   1|   0|    1|          0|
    |icmp_ln586_reg_1963          |   1|   0|    1|          0|
    |icmp_ln600_1_reg_1854        |   1|   0|    1|          0|
    |icmp_ln600_reg_1788          |   1|   0|    1|          0|
    |icmp_ln612_1_reg_1848        |   1|   0|    1|          0|
    |icmp_ln612_reg_1782          |   1|   0|    1|          0|
    |icmp_ln620_1_reg_1933        |   1|   0|    1|          0|
    |icmp_ln620_reg_1892          |   1|   0|    1|          0|
    |lD_2_reg_1871                |   1|   0|    1|          0|
    |lD_reg_1805                  |   1|   0|    1|          0|
    |man_V_7_reg_1815             |  54|   0|   54|          0|
    |man_V_reg_1749               |  54|   0|   54|          0|
    |neg_src_4_reg_2056           |   1|   0|    1|          0|
    |neg_src_reg_2041             |   1|   0|    1|          0|
    |p_Result_13_reg_1692         |   1|   0|    1|          0|
    |p_Result_15_reg_1886         |   1|   0|    1|          0|
    |p_Result_17_reg_1718         |   1|   0|    1|          0|
    |p_Result_19_reg_1927         |   1|   0|    1|          0|
    |p_Val2_2_reg_1881            |  16|   0|   16|          0|
    |p_Val2_4_reg_2036            |  16|   0|   16|          0|
    |p_Val2_7_reg_1922            |  16|   0|   16|          0|
    |p_Val2_9_reg_2051            |  16|   0|   16|          0|
    |pos1_1_reg_1859              |  12|   0|   12|          0|
    |pos1_reg_1793                |  12|   0|   12|          0|
    |pos2_1_reg_1939              |  12|   0|   12|          0|
    |pos2_reg_1898                |  12|   0|   12|          0|
    |select_ln403_1_reg_1958      |  16|   0|   16|          0|
    |select_ln403_3_reg_1997      |  16|   0|   16|          0|
    |select_ln620_1_reg_2071      |   7|   0|    7|          0|
    |select_ln620_reg_2066        |   7|   0|    7|          0|
    |sext_ln590_1_reg_1917        |  32|   0|   32|          0|
    |sext_ln590_reg_1876          |  32|   0|   32|          0|
    |sh_amt_1_reg_1836            |  12|   0|   12|          0|
    |sh_amt_reg_1770              |  12|   0|   12|          0|
    |tmp127_reg_2046              |   1|   0|    1|          0|
    |tmp131_reg_2061              |   1|   0|    1|          0|
    |tmp_11_reg_1800              |   1|   0|    1|          0|
    |tmp_22_reg_1866              |   1|   0|    1|          0|
    |trunc_ln574_1_reg_1732       |  52|   0|   52|          0|
    |trunc_ln574_reg_1706         |  52|   0|   52|          0|
    |trunc_ln592_1_reg_1842       |  16|   0|   16|          0|
    |trunc_ln592_reg_1776         |  16|   0|   16|          0|
    |zext_ln494_1_reg_1810        |  11|   0|   12|          1|
    |zext_ln494_reg_1744          |  11|   0|   12|          1|
    |zext_ln644_1_reg_1947        |  32|   0|   54|         22|
    |zext_ln644_reg_1906          |  32|   0|   54|         22|
    +-----------------------------+----+----+-----+-----------+
    |Total                        | 772|   0|  818|         46|
    +-----------------------------+----+----+-----+-----------+



================================================================
== Interface
================================================================
* Summary: 
+--------------+-----+-----+------------+----------------+--------------+
|   RTL Ports  | Dir | Bits|  Protocol  |  Source Object |    C Type    |
+--------------+-----+-----+------------+----------------+--------------+
|ap_clk        |   in|    1|  ap_ctrl_hs|  cordiccart2pol|  return value|
|ap_rst        |   in|    1|  ap_ctrl_hs|  cordiccart2pol|  return value|
|ap_start      |   in|    1|  ap_ctrl_hs|  cordiccart2pol|  return value|
|ap_done       |  out|    1|  ap_ctrl_hs|  cordiccart2pol|  return value|
|ap_idle       |  out|    1|  ap_ctrl_hs|  cordiccart2pol|  return value|
|ap_ready      |  out|    1|  ap_ctrl_hs|  cordiccart2pol|  return value|
|x             |   in|   32|     ap_none|               x|        scalar|
|y             |   in|   32|     ap_none|               y|        scalar|
|r             |  out|   32|      ap_vld|               r|       pointer|
|r_ap_vld      |  out|    1|      ap_vld|               r|       pointer|
|theta         |  out|   32|      ap_vld|           theta|       pointer|
|theta_ap_vld  |  out|    1|      ap_vld|           theta|       pointer|
+--------------+-----+-----+------------+----------------+--------------+

